Error: [2] mysqli::__construct(): php_network_getaddresses: getaddrinfo for localhosts failed: Host sconosciuto.  - C:\Users\andyc\OneDrive - unige.it\Università\Sviluppo di Applicazioni Web\progetti\_devSAW\_V1\backend\database.php:18
Error: [2] mysqli::__construct(): php_network_getaddresses: getaddrinfo for localhosts failed: Host sconosciuto.  - C:\Users\andyc\OneDrive - unige.it\Università\Sviluppo di Applicazioni Web\progetti\_devSAW\_V1\backend\database.php:18
Error: [2] mysqli::__construct(): php_network_getaddresses: getaddrinfo for localhostX failed: Host sconosciuto.  - C:\Users\andyc\OneDrive - unige.it\Università\Sviluppo di Applicazioni Web\progetti\_devSAW\_V1\backend\database.php:18
Error: [2] mysqli::__construct(): php_network_getaddresses: getaddrinfo for localhostX failed: Host sconosciuto.  - C:\Users\andyc\OneDrive - unige.it\Università\Sviluppo di Applicazioni Web\progetti\_devSAW\_V1\backend\database.php:18
Error: [2] mysqli::__construct(): php_network_getaddresses: getaddrinfo for localhostX failed: Host sconosciuto.  - C:\Users\andyc\OneDrive - unige.it\Università\Sviluppo di Applicazioni Web\progetti\_devSAW\_V1\backend\database.php:18
Error: [2] mysqli::__construct(): php_network_getaddresses: getaddrinfo for localhostX failed: Host sconosciuto.  - C:\Users\andyc\OneDrive - unige.it\Università\Sviluppo di Applicazioni Web\progetti\_devSAW\_V1\backend\database.php:18
